// Vitest Snapshot v1, https://vitest.dev/guide/snapshot.html

exports[`@nutui/optimize-css > remove rtl 1`] = `
"
"
`;
